1. Initializing FusionEngine...
python : Using cache found in C:\User
s\polisettyvarshitha/.cache\torch\hub
\rwightman_gen-efficientnet-pytorch_m
aster
At line:1 char:1
+ python test_all_engines.py > 
test_log.txt 2>&1
+ ~~~~~~~~~~~~~~~~~~~~~~~~~~~~~~~~~~~
~~~~~~~~~~~
    + CategoryInfo          : NotSpe 
   cified: (Using cache fou...-pyto  
  rch_master:String) [], RemoteExc   
 eption
    + FullyQualifiedErrorId : Native 
   CommandError
 
C:\Users\polisettyvarshitha\AppData\L
ocal\Programs\Python\Python39\lib\sit
e-packages\tensorflow\lite\python\int
erpreter.py:457: UserWarning:     
Warning: tf.lite.Interpreter is 
deprecated and is scheduled for 
deletion in
    TF 2.20. Please use the LiteRT 
interpreter from the ai_edge_litert 
package.
    See the [migration guide](https:/
/ai.google.dev/edge/litert/migration)
    for details.
    
  warnings.warn(_INTERPRETER_DELETION
_WARNING)
INFO: Created TensorFlow Lite 
XNNPACK delegate for CPU.
Traceback (most recent call last):
  File "C:\Users\polisettyvarshitha\A
ppData\Local\Programs\Python\Python39
\lib\urllib\request.py", line 1346, 
in do_open
    h.request(req.get_method(), 
req.selector, req.data, headers,
  File "C:\Users\polisettyvarshitha\A
ppData\Local\Programs\Python\Python39
\lib\http\client.py", line 1285, in 
request
    self._send_request(method, url, 
body, headers, encode_chunked)
  File "C:\Users\polisettyvarshitha\A
ppData\Local\Programs\Python\Python39
\lib\http\client.py", line 1331, in 
_send_request
    self.endheaders(body, 
encode_chunked=encode_chunked)
  File "C:\Users\polisettyvarshitha\A
ppData\Local\Programs\Python\Python39
\lib\http\client.py", line 1280, in 
endheaders
    self._send_output(message_body, 
encode_chunked=encode_chunked)
  File "C:\Users\polisettyvarshitha\A
ppData\Local\Programs\Python\Python39
\lib\http\client.py", line 1040, in 
_send_output
    self.send(msg)
  File "C:\Users\polisettyvarshitha\A
ppData\Local\Programs\Python\Python39
\lib\http\client.py", line 980, in 
send
    self.connect()
  File "C:\Users\polisettyvarshitha\A
ppData\Local\Programs\Python\Python39
\lib\http\client.py", line 1447, in 
connect
    super().connect()
  File "C:\Users\polisettyvarshitha\A
ppData\Local\Programs\Python\Python39
\lib\http\client.py", line 946, in 
connect
    self.sock = 
self._create_connection(
  File "C:\Users\polisettyvarshitha\A
ppData\Local\Programs\Python\Python39
\lib\socket.py", line 823, in 
create_connection
    for res in getaddrinfo(host, 
port, 0, SOCK_STREAM):
  File "C:\Users\polisettyvarshitha\A
ppData\Local\Programs\Python\Python39
\lib\socket.py", line 954, in 
getaddrinfo
    for res in 
_socket.getaddrinfo(host, port, 
family, type, proto, flags):
socket.gaierror: [Errno 11001] 
getaddrinfo failed

During handling of the above 
exception, another exception 
occurred:

Traceback (most recent call last):
  File "C:\Users\polisettyvarshitha\D
esktop\N1\Netra\test_all_engines.py",
 line 25, in <module>
    emotion_engine = 
EmotionEngine(use_depth=False) # 
Disable depth for isolation
  File "C:\Users\polisettyvarshitha\D
esktop\N1\Netra\backend\core\emotion_
engine.py", line 87, in __init__
    self.face_engine = 
FaceEngine(use_depth=False)
  File "C:\Users\polisettyvarshitha\D
esktop\N1\Netra\backend\core\face_eng
ine.py", line 57, in __init__
    self.recognizer = InceptionResnet
V1(pretrained='vggface2').eval().to(s
elf.device)
  File "C:\Users\polisettyvarshitha\A
ppData\Roaming\Python\Python39\site-p
ackages\facenet_pytorch\models\incept
ion_resnet_v1.py", line 262, in 
__init__
    load_weights(self, pretrained)
  File "C:\Users\polisettyvarshitha\A
ppData\Roaming\Python\Python39\site-p
ackages\facenet_pytorch\models\incept
ion_resnet_v1.py", line 327, in 
load_weights
    download_url_to_file(path, 
cached_file)
  File "C:\Users\polisettyvarshitha\A
ppData\Roaming\Python\Python39\site-p
ackages\facenet_pytorch\models\utils\
download.py", line 31, in 
download_url_to_file
    u = urlopen(req)
  File "C:\Users\polisettyvarshitha\A
ppData\Local\Programs\Python\Python39
\lib\urllib\request.py", line 214, 
in urlopen
    return opener.open(url, data, 
timeout)
  File "C:\Users\polisettyvarshitha\A
ppData\Local\Programs\Python\Python39
\lib\urllib\request.py", line 517, 
in open
    response = self._open(req, data)
  File "C:\Users\polisettyvarshitha\A
ppData\Local\Programs\Python\Python39
\lib\urllib\request.py", line 534, 
in _open
    result = 
self._call_chain(self.handle_open, 
protocol, protocol +
  File "C:\Users\polisettyvarshitha\A
ppData\Local\Programs\Python\Python39
\lib\urllib\request.py", line 494, 
in _call_chain
    result = func(*args)
  File "C:\Users\polisettyvarshitha\A
ppData\Local\Programs\Python\Python39
\lib\urllib\request.py", line 1389, 
in https_open
    return self.do_open(http.client.H
TTPSConnection, req,
  File "C:\Users\polisettyvarshitha\A
ppData\Local\Programs\Python\Python39
\lib\urllib\request.py", line 1349, 
in do_open
    raise URLError(err)
urllib.error.URLError: <urlopen 
error [Errno 11001] getaddrinfo 
failed>
============================================================
  NETRA AI ΓÇö Fusion Engine (Vision + Depth)
============================================================

≡ƒôª Loading custom YOLO model: C:\Users\polisettyvarshitha\Desktop\N1\Netra\backend\yolov8s.pt

≡ƒºá Loading MiDaS depth model (MiDaS_small)...
   Device: cpu
≡ƒôª Loading MiDaS from local cache: C:\Users\polisettyvarshitha\.cache\torch\hub\intel-isl_MiDaS_master
Loading weights:  None
Γ£à Depth model loaded successfully.

Γ£à Fusion Engine ready.

Γ£à FusionEngine Ready.

2. Initializing EmotionEngine...
============================================================
  NETRA AI ΓÇö Emotion Detection Engine (Layer 7)
============================================================

≡ƒôª Loading FER emotion classifier...
≡ƒôª Loading face recognition engine...
============================================================
  NETRA AI ΓÇö Face Recognition Engine (Layer 6)
============================================================

   Device: cpu
≡ƒôª Loading MTCNN face detector...
≡ƒôª Loading FaceNet embedding model (VGGFace2)...

Γ¥î INITIALIZATION FAILED: <urlopen error [Errno 11001] getaddrinfo failed>
